
--------------------Master--------------------------------------
[vagrant@master ~]$ vi /etc/my.cnf
[vagrant@master ~]$ sudo vi /etc/my.cnf

[vagrant@master test_db-master]$ cat /etc/my.cnf
#
# This group is read both both by the client and the server
# use it for options that affect everything
#
[client-server]

#
# include all files from the config directory
#
!includedir /etc/my.cnf.d

[mysqld]
log-bin=mysql-bin
server-id=1


bind-address           = 0.0.0.0




[vagrant@master ~]$ sudo vi /etc/my.cnf
[vagrant@master ~]$
[vagrant@master ~]$
[vagrant@master ~]$ sudo systemctl restart mysqld
[vagrant@master ~]$ netstat -ant
Active Internet connections (servers and established)
Proto Recv-Q Send-Q Local Address           Foreign Address         State
tcp        0      0 0.0.0.0:22              0.0.0.0:*               LISTEN
tcp        0      0 0.0.0.0:3306            0.0.0.0:*               LISTEN
tcp        0      0 0.0.0.0:111             0.0.0.0:*               LISTEN
tcp        0      0 10.0.2.15:22            10.0.2.2:57450          ESTABLISHED
tcp6       0      0 :::22                   :::*                    LISTEN
tcp6       0      0 :::33060                :::*                    LISTEN
tcp6       0      0 :::111                  :::*                    LISTEN


[vagrant@master ~]$ mysql -u root -p
Enter password:
Welcome to the MySQL monitor.  Commands end with ; or \g.
Your MySQL connection id is 9
Server version: 8.0.17 Source distribution

Copyright (c) 2000, 2019, Oracle and/or its affiliates. All rights reserved.

Oracle is a registered trademark of Oracle Corporation and/or its
affiliates. Other names may be trademarks of their respective
owners.

Type 'help;' or '\h' for help. Type '\c' to clear the current input statement.

mysql> show master status
    -> ;
+------------------+----------+--------------+------------------+-------------------+
| File             | Position | Binlog_Do_DB | Binlog_Ignore_DB | Executed_Gtid_Set |
+------------------+----------+--------------+------------------+-------------------+
| mysql-bin.000001 |      155 |              |                  |                   |
+------------------+----------+--------------+------------------+-------------------+
1 row in set (0.00 sec)

mysql> exit

[vagrant@master ~]$ pwd
/home/vagrant
[vagrant@master ~]$ cd /vagrant
[vagrant@master vagrant]$ pwd
/vagrant
[vagrant@master vagrant]$ ls
test_db-master  Vagrantfile

hongwei@HP840G1:~/Documents/Study/MySQL/mysql-setup/master$ vagrant reload
[vagrant@master ~]$
[vagrant@master ~]$ cd /vagrant
[vagrant@master vagrant]$ ls
test_db-master  Vagrantfile
[vagrant@master vagrant]$ cd test_db-master/
[vagrant@master test_db-master]$ mysql -u root -p -t < employees.sql
Enter password:
+-----------------------------+
| INFO                        |
+-----------------------------+
| CREATING DATABASE STRUCTURE |
+-----------------------------+
+------------------------+
| INFO                   |
+------------------------+
| storage engine: InnoDB |
+------------------------+
+---------------------+
| INFO                |
+---------------------+
| LOADING departments |
+---------------------+
+-------------------+
| INFO              |
+-------------------+
| LOADING employees |
+-------------------+
+------------------+
| INFO             |
+------------------+
| LOADING dept_emp |
+------------------+
+----------------------+
| INFO                 |
+----------------------+
| LOADING dept_manager |
+----------------------+
+----------------+
| INFO           |
+----------------+
| LOADING titles |
+----------------+
+------------------+
| INFO             |
+------------------+
| LOADING salaries |
+------------------+
+---------------------+
| data_load_time_diff |
+---------------------+
| 00:01:29            |
+---------------------+
[vagrant@master test_db-master]$
[vagrant@master test_db-master]$ time mysql -t < test_employees_sha.sql
ERROR 1045 (28000): Access denied for user 'vagrant'@'localhost' (using password: NO)

real    0m0.012s
user    0m0.006s
sys     0m0.004s
[vagrant@master test_db-master]$ time mysql -u root -p -t < test_employees_sha.sql
Enter password:
+----------------------+
| INFO                 |
+----------------------+
| TESTING INSTALLATION |
+----------------------+
+--------------+------------------+------------------------------------------+
| table_name   | expected_records | expected_crc                             |
+--------------+------------------+------------------------------------------+
| employees    |           300024 | 4d4aa689914d8fd41db7e45c2168e7dcb9697359 |
| departments  |                9 | 4b315afa0e35ca6649df897b958345bcb3d2b764 |
| dept_manager |               24 | 9687a7d6f93ca8847388a42a6d8d93982a841c6c |
| dept_emp     |           331603 | d95ab9fe07df0865f592574b3b33b9c741d9fd1b |
| titles       |           443308 | d12d5f746b88f07e69b9e36675b6067abb01b60e |
| salaries     |          2844047 | b5a1785c27d75e33a4173aaa22ccf41ebd7d4a9f |
+--------------+------------------+------------------------------------------+
+--------------+------------------+------------------------------------------+
| table_name   | found_records    | found_crc                                |
+--------------+------------------+------------------------------------------+
| employees    |           300024 | 4d4aa689914d8fd41db7e45c2168e7dcb9697359 |
| departments  |                9 | 4b315afa0e35ca6649df897b958345bcb3d2b764 |
| dept_manager |               24 | 9687a7d6f93ca8847388a42a6d8d93982a841c6c |
| dept_emp     |           331603 | d95ab9fe07df0865f592574b3b33b9c741d9fd1b |
| titles       |           443308 | d12d5f746b88f07e69b9e36675b6067abb01b60e |
| salaries     |          2844047 | b5a1785c27d75e33a4173aaa22ccf41ebd7d4a9f |
+--------------+------------------+------------------------------------------+
+--------------+---------------+-----------+
| table_name   | records_match | crc_match |
+--------------+---------------+-----------+
| employees    | OK            | ok        |
| departments  | OK            | ok        |
| dept_manager | OK            | ok        |
| dept_emp     | OK            | ok        |
| titles       | OK            | ok        |
| salaries     | OK            | ok        |
+--------------+---------------+-----------+
+------------------+
| computation_time |
+------------------+
| 00:00:26         |
+------------------+
+---------+--------+
| summary | result |
+---------+--------+
| CRC     | OK     |
| count   | OK     |
+---------+--------+

real    0m29.098s
user    0m0.009s
sys     0m0.011s


--------------------Slave-1--------------------------------------
mysql> change master to
    -> master_host='192.168.0.201',
    -> master_user='repl',
    -> master_password='123456',
    -> master_log_file='mysql-bin.000001',
    -> master_log_pos=155;
Query OK, 0 rows affected, 2 warnings (0.00 sec)

mysql> start slave;
Query OK, 0 rows affected (0.00 sec)

mysql> show slave status\G;
*************************** 1. row ***************************
               Slave_IO_State: Waiting for master to send event
                  Master_Host: 192.168.0.201
                  Master_User: repl
                  Master_Port: 3306
                Connect_Retry: 60
              Master_Log_File: mysql-bin.000001
          Read_Master_Log_Pos: 155
               Relay_Log_File: slave-1-relay-bin.000005
                Relay_Log_Pos: 322
        Relay_Master_Log_File: mysql-bin.000001
             Slave_IO_Running: Yes
            Slave_SQL_Running: Yes
              Replicate_Do_DB:
          Replicate_Ignore_DB:
           Replicate_Do_Table:
       Replicate_Ignore_Table:
      Replicate_Wild_Do_Table:
  Replicate_Wild_Ignore_Table:
                   Last_Errno: 0
                   Last_Error:
                 Skip_Counter: 0
          Exec_Master_Log_Pos: 155
              Relay_Log_Space: 699
              Until_Condition: None
               Until_Log_File:
                Until_Log_Pos: 0
           Master_SSL_Allowed: No
           Master_SSL_CA_File:
           Master_SSL_CA_Path:
              Master_SSL_Cert:
            Master_SSL_Cipher:
               Master_SSL_Key:
        Seconds_Behind_Master: 0
Master_SSL_Verify_Server_Cert: No
                Last_IO_Errno: 0
                Last_IO_Error:
               Last_SQL_Errno: 0
               Last_SQL_Error:
  Replicate_Ignore_Server_Ids:
             Master_Server_Id: 1
                  Master_UUID: 2eef8a0b-d647-11ea-a669-52540072fe6e
             Master_Info_File: mysql.slave_master_info
                    SQL_Delay: 0
          SQL_Remaining_Delay: NULL
      Slave_SQL_Running_State: Slave has read all relay log; waiting for more updates
           Master_Retry_Count: 86400
                  Master_Bind:
      Last_IO_Error_Timestamp:
     Last_SQL_Error_Timestamp:
               Master_SSL_Crl:
           Master_SSL_Crlpath:
           Retrieved_Gtid_Set:
            Executed_Gtid_Set:
                Auto_Position: 0
         Replicate_Rewrite_DB:
                 Channel_Name:
           Master_TLS_Version:
       Master_public_key_path:
        Get_master_public_key: 0
            Network_Namespace:
1 row in set (0.00 sec)

ERROR:
No query specified

mysql> exit

mysql> show databases;
+--------------------+
| Database           |
+--------------------+
| employees          |
| information_schema |
| mysql              |
| performance_schema |
| sys                |
+--------------------+
5 rows in set (0.02 sec)

mysql> use employees
Reading table information for completion of table and column names
You can turn off this feature to get a quicker startup with -A

Database changed
mysql> show tables;
+----------------------+
| Tables_in_employees  |
+----------------------+
| current_dept_emp     |
| departments          |
| dept_emp             |
| dept_emp_latest_date |
| dept_manager         |
| employees            |
| salaries             |
| titles               |
+----------------------+
8 rows in set (0.01 sec)

[vagrant@slave-1 test_db-master]$ time mysql -u root -p -t < test_employees_sha.sql
Enter password:
+----------------------+
| INFO                 |
+----------------------+
| TESTING INSTALLATION |
+----------------------+
+--------------+------------------+------------------------------------------+
| table_name   | expected_records | expected_crc                             |
+--------------+------------------+------------------------------------------+
| employees    |           300024 | 4d4aa689914d8fd41db7e45c2168e7dcb9697359 |
| departments  |                9 | 4b315afa0e35ca6649df897b958345bcb3d2b764 |
| dept_manager |               24 | 9687a7d6f93ca8847388a42a6d8d93982a841c6c |
| dept_emp     |           331603 | d95ab9fe07df0865f592574b3b33b9c741d9fd1b |
| titles       |           443308 | d12d5f746b88f07e69b9e36675b6067abb01b60e |
| salaries     |          2844047 | b5a1785c27d75e33a4173aaa22ccf41ebd7d4a9f |
+--------------+------------------+------------------------------------------+
+--------------+------------------+------------------------------------------+
| table_name   | found_records    | found_crc                                |
+--------------+------------------+------------------------------------------+
| employees    |           300024 | 4d4aa689914d8fd41db7e45c2168e7dcb9697359 |
| departments  |                9 | 4b315afa0e35ca6649df897b958345bcb3d2b764 |
| dept_manager |               24 | 9687a7d6f93ca8847388a42a6d8d93982a841c6c |
| dept_emp     |           331603 | d95ab9fe07df0865f592574b3b33b9c741d9fd1b |
| titles       |           443308 | d12d5f746b88f07e69b9e36675b6067abb01b60e |
| salaries     |          2844047 | b5a1785c27d75e33a4173aaa22ccf41ebd7d4a9f |
+--------------+------------------+------------------------------------------+
+--------------+---------------+-----------+
| table_name   | records_match | crc_match |
+--------------+---------------+-----------+
| employees    | OK            | ok        |
| departments  | OK            | ok        |
| dept_manager | OK            | ok        |
| dept_emp     | OK            | ok        |
| titles       | OK            | ok        |
| salaries     | OK            | ok        |
+--------------+---------------+-----------+
+------------------+
| computation_time |
+------------------+
| 00:00:19         |
+------------------+
+---------+--------+
| summary | result |
+---------+--------+
| CRC     | OK     |
| count   | OK     |
+---------+--------+

real    0m24.512s
user    0m0.005s
sys     0m0.011s

--------------------Slave-2--------------------------------------

[vagrant@slave-2 ~]$ sudo vi /etc/my.cnf
[vagrant@slave-2 ~]$ sudo systemctl restart mysqld
[vagrant@slave-2 ~]$ mysql -u root -p
Enter password:
Welcome to the MySQL monitor.  Commands end with ; or \g.
Your MySQL connection id is 8
Server version: 8.0.17 Source distribution

Copyright (c) 2000, 2019, Oracle and/or its affiliates. All rights reserved.

Oracle is a registered trademark of Oracle Corporation and/or its
affiliates. Other names may be trademarks of their respective
owners.

Type 'help;' or '\h' for help. Type '\c' to clear the current input statement.

mysql> change master to
    -> master_host='192.168.0.201',
    -> master_user='repl',
    -> master_password='123456',
    -> master_log_file='mysql-bin.000002',
    -> master_log_pos=155;
Query OK, 0 rows affected, 2 warnings (0.02 sec)

mysql> start slave;
Query OK, 0 rows affected (0.00 sec)

mysql> show slave status\G;
*************************** 1. row ***************************
               Slave_IO_State: Waiting for master to send event
                  Master_Host: 192.168.0.201
                  Master_User: repl
                  Master_Port: 3306
                Connect_Retry: 60
              Master_Log_File: mysql-bin.000002
          Read_Master_Log_Pos: 155
               Relay_Log_File: slave-2-relay-bin.000002
                Relay_Log_Pos: 322
        Relay_Master_Log_File: mysql-bin.000002
             Slave_IO_Running: Yes
            Slave_SQL_Running: Yes
              Replicate_Do_DB:
          Replicate_Ignore_DB:
           Replicate_Do_Table:
       Replicate_Ignore_Table:
      Replicate_Wild_Do_Table:
  Replicate_Wild_Ignore_Table:
                   Last_Errno: 0
                   Last_Error:
                 Skip_Counter: 0
          Exec_Master_Log_Pos: 155
              Relay_Log_Space: 532
              Until_Condition: None
               Until_Log_File:
                Until_Log_Pos: 0
           Master_SSL_Allowed: No
           Master_SSL_CA_File:
           Master_SSL_CA_Path:
              Master_SSL_Cert:
            Master_SSL_Cipher:
               Master_SSL_Key:
        Seconds_Behind_Master: 0
Master_SSL_Verify_Server_Cert: No
                Last_IO_Errno: 0
                Last_IO_Error:
               Last_SQL_Errno: 0
               Last_SQL_Error:
  Replicate_Ignore_Server_Ids:
             Master_Server_Id: 1
                  Master_UUID: 2eef8a0b-d647-11ea-a669-52540072fe6e
             Master_Info_File: mysql.slave_master_info
                    SQL_Delay: 0
          SQL_Remaining_Delay: NULL
      Slave_SQL_Running_State: Slave has read all relay log; waiting for more updates
           Master_Retry_Count: 86400
                  Master_Bind:
      Last_IO_Error_Timestamp:
     Last_SQL_Error_Timestamp:
               Master_SSL_Crl:
           Master_SSL_Crlpath:
           Retrieved_Gtid_Set:
            Executed_Gtid_Set:
                Auto_Position: 0
         Replicate_Rewrite_DB:
                 Channel_Name:
           Master_TLS_Version:
       Master_public_key_path:
        Get_master_public_key: 0
            Network_Namespace:
1 row in set (0.00 sec)

ERROR:
No query specified

mysql>
mysql>
mysql> show databases;
+--------------------+
| Database           |
+--------------------+
| employees          |
| information_schema |
| mysql              |
| performance_schema |
| sys                |
+--------------------+
5 rows in set (0.02 sec)

mysql> use employees;
Reading table information for completion of table and column names
You can turn off this feature to get a quicker startup with -A

Database changed
mysql> show tables;
+----------------------+
| Tables_in_employees  |
+----------------------+
| current_dept_emp     |
| departments          |
| dept_emp             |
| dept_emp_latest_date |
| dept_manager         |
| employees            |
| salaries             |
| titles               |
+----------------------+
8 rows in set (0.00 sec)



------------------------------------ERROR---------------------------------------------------------
[vagrant@slave-1 ~]$ mysql -u root -p
Enter password:
Welcome to the MySQL monitor.  Commands end with ; or \g.
Your MySQL connection id is 10
Server version: 8.0.17 Source distribution

Copyright (c) 2000, 2019, Oracle and/or its affiliates. All rights reserved.

Oracle is a registered trademark of Oracle Corporation and/or its
affiliates. Other names may be trademarks of their respective
owners.

Type 'help;' or '\h' for help. Type '\c' to clear the current input statement.

mysql> change master to
    -> master_host='192.168.0.201',
    -> master_user='repl',
    -> master_password='123456',
    -> master_log_file='mysql-bin.000001',
    -> master_log_pos=155;
ERROR 3021 (HY000): This operation cannot be performed with a running slave io thread; run STOP SLAVE IO_THREAD FOR CHANNEL '' first.
mysql> stop slave io_thread for channel '';
Query OK, 0 rows affected (0.00 sec)

mysql> change master to
    -> master_host='192.168.0.201',
    -> master_user='repl',
    -> master_password='123456',
    -> master_log_file='mysql-bin.000001',
    -> master_log_pos=155;
Query OK, 0 rows affected, 2 warnings (0.00 sec)

mysql> start slave
    -> ;
Query OK, 0 rows affected (0.00 sec)


mysql> show slave status\G;
*************************** 1. row ***************************
               Slave_IO_State:
                  Master_Host: 192.168.0.201
                  Master_User: repl
                  Master_Port: 3306
                Connect_Retry: 60
              Master_Log_File: mysql-bin.000001
          Read_Master_Log_Pos: 155
               Relay_Log_File: slave-1-relay-bin.000001
                Relay_Log_Pos: 4
        Relay_Master_Log_File: binlog.000005
             Slave_IO_Running: No
            Slave_SQL_Running: Yes
              Replicate_Do_DB:
          Replicate_Ignore_DB:
           Replicate_Do_Table:
       Replicate_Ignore_Table:
      Replicate_Wild_Do_Table:
  Replicate_Wild_Ignore_Table:
                   Last_Errno: 0
                   Last_Error:
                 Skip_Counter: 0
          Exec_Master_Log_Pos: 845
              Relay_Log_Space: 155
              Until_Condition: None
               Until_Log_File:
                Until_Log_Pos: 0
           Master_SSL_Allowed: No
           Master_SSL_CA_File:
           Master_SSL_CA_Path:
              Master_SSL_Cert:
            Master_SSL_Cipher:
               Master_SSL_Key:
        Seconds_Behind_Master: 0
Master_SSL_Verify_Server_Cert: No
                Last_IO_Errno: 13117
                Last_IO_Error: Fatal error: The slave I/O thread stops because master and slave have equal MySQL server ids; these ids must be different for replication to work (or the --replicate-same-server-id option must be used on slave but this does not always make sense; please check the manual before using it).
               Last_SQL_Errno: 0
               Last_SQL_Error:
  Replicate_Ignore_Server_Ids:
             Master_Server_Id: 1
                  Master_UUID:
             Master_Info_File: mysql.slave_master_info
                    SQL_Delay: 0
          SQL_Remaining_Delay: NULL
      Slave_SQL_Running_State: Slave has read all relay log; waiting for more updates
           Master_Retry_Count: 86400
                  Master_Bind:
      Last_IO_Error_Timestamp: 200805 03:32:49
     Last_SQL_Error_Timestamp:
               Master_SSL_Crl:
           Master_SSL_Crlpath:
           Retrieved_Gtid_Set:
            Executed_Gtid_Set:
                Auto_Position: 0
         Replicate_Rewrite_DB:
                 Channel_Name:
           Master_TLS_Version:
       Master_public_key_path:
        Get_master_public_key: 0
            Network_Namespace:
1 row in set (0.00 sec)

ERROR:
No query specified

mysql> exit

